{
  "Full Version": null,
  "ProductVersion": "4.2.1507.0118",
  "FileVersion": "4.2.1507.0118",
  "AssemblyVersion": null,
  "BuildDate": null,
  "ProductName": "Moq",
  "OriginalFilename": "Moq.Silverlight.dll",
  "InternalName": "Moq.Silverlight.dll",
  "License": null,
  "LegalCopyright": "",
  "LegalTrademarks": null,
  "LegalTrademarks1": null,
  "LegalTrademarks2": null,
  "LegalTrademarks3": null,
  "FileDescription": "Moq",
  "Comments": null,
  "CompanyName": "Clarius Consulting, Manas Technology Solutions, InSTEDD",
  "Company": null,
  "URL": null,
  "WWW": null,
  "extra_data": {}
}